// Jest Snapshot v1, https://goo.gl/fbAQLP

exports[`config should load default values 1`] = `
Object {
  "baseAPIRoute": "api",
  "db": Object {
    "dbname": "Barrio-User-Management-Database",
    "password": "mongoadmin",
    "uri": "mongodb+srv://sankara:7TYQLMuxRoHsS5nX@cluster0-4avtj.mongodb.net/test?retryWrites=true&w=majority",
    "username": "mongoadmin",
  },
  "environment": "dev",
  "jwtsecret": "yoursecretkey",
  "messageTimeout": 500,
  "messagebus": "amqp://rabbitmq",
  "name": "User Management Service",
  "port": 8080,
  "services": Object {},
  "startedMessage": "User Management Service is running on port 8080/",
}
`;
